source: |-
  ((setq a "hello") (print a))
input: |-
  foo
code: |-
  {
      "start_idx": 11,
      "memory": [
          5,
          104,
          101,
          108,
          108,
          111,
          0,
          0,
          0,
          0,
          0,
          {
              "opcode": "LD",
              "arg": {
                  "value": 0,
                  "type": "DIRECT"
              }
          },
          {
              "opcode": "ST",
              "arg": {
                  "value": 6,
                  "type": "ADDRESS"
              }
          },
          {
              "opcode": "LD",
              "arg": {
                  "value": 6,
                  "type": "ADDRESS"
              }
          },
          {
              "opcode": "ST",
              "arg": {
                  "value": 7,
                  "type": "ADDRESS"
              }
          },
          {
              "opcode": "LD",
              "arg": {
                  "value": 7,
                  "type": "INDIRECT_ADDRESS"
              }
          },
          {
              "opcode": "ST",
              "arg": {
                  "value": 8,
                  "type": "ADDRESS"
              }
          },
          {
              "opcode": "LD",
              "arg": {
                  "value": 0,
                  "type": "DIRECT"
              }
          },
          {
              "opcode": "ST",
              "arg": {
                  "value": 9,
                  "type": "ADDRESS"
              }
          },
          {
              "opcode": "LD",
              "arg": {
                  "value": 9,
                  "type": "ADDRESS"
              }
          },
          {
              "opcode": "EQ",
              "arg": {
                  "value": 8,
                  "type": "ADDRESS"
              }
          },
          {
              "opcode": "JE",
              "arg": {
                  "value": 30,
                  "type": "ADDRESS"
              }
          },
          {
              "opcode": "ADD",
              "arg": {
                  "value": 7,
                  "type": "ADDRESS"
              }
          },
          {
              "opcode": "ST",
              "arg": {
                  "value": 10,
                  "type": "ADDRESS"
              }
          },
          {
              "opcode": "LD",
              "arg": {
                  "value": 10,
                  "type": "INDIRECT_ADDRESS"
              }
          },
          {
              "opcode": "OUT"
          },
          {
              "opcode": "LD",
              "arg": {
                  "value": 9,
                  "type": "ADDRESS"
              }
          },
          {
              "opcode": "ADD",
              "arg": {
                  "value": 1,
                  "type": "DIRECT"
              }
          },
          {
              "opcode": "ST",
              "arg": {
                  "value": 9,
                  "type": "ADDRESS"
              }
          },
          {
              "opcode": "JMP",
              "arg": {
                  "value": 19,
                  "type": "ADDRESS"
              }
          },
          {
              "opcode": "HLT"
          }
      ]
  }
output: |
  ============================================================
  hhhhh
log: |
  DEBUG   machine:simulation    TICK: 0, IP: 11, DR: 0, SP: 0, AR: 0, AC: 0, ALU: 0, Z: True, INSTR: None
  DEBUG   machine:simulation    TICK: 1, IP: 11, DR: 0, SP: 0, AR: 11, AC: 0, ALU: 0, Z: True, INSTR: Operation(opcode=<Opcode.LD: 'LD'>, arg=Arg(value=0, type=<ArgType.DIRECT: 'DIRECT'>))
  DEBUG   machine:simulation    TICK: 2, IP: 12, DR: 0, SP: 0, AR: 11, AC: 0, ALU: 0, Z: True, INSTR: Operation(opcode=<Opcode.LD: 'LD'>, arg=Arg(value=0, type=<ArgType.DIRECT: 'DIRECT'>))
  DEBUG   machine:simulation    TICK: 3, IP: 12, DR: 6, SP: 0, AR: 12, AC: 0, ALU: 0, Z: True, INSTR: Operation(opcode=<Opcode.ST: 'ST'>, arg=Arg(value=6, type=<ArgType.ADDRESS: 'ADDRESS'>))
  DEBUG   machine:simulation    TICK: 4, IP: 13, DR: 6, SP: 0, AR: 6, AC: 0, ALU: 0, Z: True, INSTR: Operation(opcode=<Opcode.ST: 'ST'>, arg=Arg(value=6, type=<ArgType.ADDRESS: 'ADDRESS'>))
  DEBUG   machine:simulation    TICK: 5, IP: 13, DR: 6, SP: 0, AR: 13, AC: 0, ALU: 0, Z: True, INSTR: Operation(opcode=<Opcode.LD: 'LD'>, arg=Arg(value=6, type=<ArgType.ADDRESS: 'ADDRESS'>))
  DEBUG   machine:simulation    TICK: 6, IP: 13, DR: 0, SP: 0, AR: 6, AC: 0, ALU: 0, Z: True, INSTR: Operation(opcode=<Opcode.LD: 'LD'>, arg=Arg(value=6, type=<ArgType.ADDRESS: 'ADDRESS'>))
  DEBUG   machine:simulation    TICK: 7, IP: 14, DR: 0, SP: 0, AR: 6, AC: 0, ALU: 0, Z: True, INSTR: Operation(opcode=<Opcode.LD: 'LD'>, arg=Arg(value=6, type=<ArgType.ADDRESS: 'ADDRESS'>))
  DEBUG   machine:simulation    TICK: 8, IP: 14, DR: 7, SP: 0, AR: 14, AC: 0, ALU: 0, Z: True, INSTR: Operation(opcode=<Opcode.ST: 'ST'>, arg=Arg(value=7, type=<ArgType.ADDRESS: 'ADDRESS'>))
  DEBUG   machine:simulation    TICK: 9, IP: 15, DR: 7, SP: 0, AR: 7, AC: 0, ALU: 0, Z: True, INSTR: Operation(opcode=<Opcode.ST: 'ST'>, arg=Arg(value=7, type=<ArgType.ADDRESS: 'ADDRESS'>))
  DEBUG   machine:simulation    TICK: 10, IP: 15, DR: 7, SP: 0, AR: 15, AC: 0, ALU: 0, Z: True, INSTR: Operation(opcode=<Opcode.LD: 'LD'>, arg=Arg(value=7, type=<ArgType.INDIRECT_ADDRESS: 'INDIRECT_ADDRESS'>))
  DEBUG   machine:simulation    TICK: 11, IP: 15, DR: 0, SP: 0, AR: 7, AC: 0, ALU: 0, Z: True, INSTR: Operation(opcode=<Opcode.LD: 'LD'>, arg=Arg(value=0, type=<ArgType.ADDRESS: 'ADDRESS'>))
  DEBUG   machine:simulation    TICK: 12, IP: 15, DR: 5, SP: 0, AR: 0, AC: 0, ALU: 0, Z: True, INSTR: Operation(opcode=<Opcode.LD: 'LD'>, arg=Arg(value=0, type=<ArgType.ADDRESS: 'ADDRESS'>))
  DEBUG   machine:simulation    TICK: 13, IP: 16, DR: 5, SP: 0, AR: 0, AC: 5, ALU: 0, Z: True, INSTR: Operation(opcode=<Opcode.LD: 'LD'>, arg=Arg(value=0, type=<ArgType.ADDRESS: 'ADDRESS'>))
  DEBUG   machine:simulation    TICK: 14, IP: 16, DR: 8, SP: 0, AR: 16, AC: 5, ALU: 0, Z: True, INSTR: Operation(opcode=<Opcode.ST: 'ST'>, arg=Arg(value=8, type=<ArgType.ADDRESS: 'ADDRESS'>))
  DEBUG   machine:simulation    TICK: 15, IP: 17, DR: 8, SP: 0, AR: 8, AC: 5, ALU: 0, Z: True, INSTR: Operation(opcode=<Opcode.ST: 'ST'>, arg=Arg(value=8, type=<ArgType.ADDRESS: 'ADDRESS'>))
  DEBUG   machine:simulation    TICK: 16, IP: 17, DR: 0, SP: 0, AR: 17, AC: 5, ALU: 0, Z: True, INSTR: Operation(opcode=<Opcode.LD: 'LD'>, arg=Arg(value=0, type=<ArgType.DIRECT: 'DIRECT'>))
  DEBUG   machine:simulation    TICK: 17, IP: 18, DR: 0, SP: 0, AR: 17, AC: 0, ALU: 0, Z: True, INSTR: Operation(opcode=<Opcode.LD: 'LD'>, arg=Arg(value=0, type=<ArgType.DIRECT: 'DIRECT'>))
  DEBUG   machine:simulation    TICK: 18, IP: 18, DR: 9, SP: 0, AR: 18, AC: 0, ALU: 0, Z: True, INSTR: Operation(opcode=<Opcode.ST: 'ST'>, arg=Arg(value=9, type=<ArgType.ADDRESS: 'ADDRESS'>))
  DEBUG   machine:simulation    TICK: 19, IP: 19, DR: 9, SP: 0, AR: 9, AC: 0, ALU: 0, Z: True, INSTR: Operation(opcode=<Opcode.ST: 'ST'>, arg=Arg(value=9, type=<ArgType.ADDRESS: 'ADDRESS'>))
  DEBUG   machine:simulation    TICK: 20, IP: 19, DR: 9, SP: 0, AR: 19, AC: 0, ALU: 0, Z: True, INSTR: Operation(opcode=<Opcode.LD: 'LD'>, arg=Arg(value=9, type=<ArgType.ADDRESS: 'ADDRESS'>))
  DEBUG   machine:simulation    TICK: 21, IP: 19, DR: 0, SP: 0, AR: 9, AC: 0, ALU: 0, Z: True, INSTR: Operation(opcode=<Opcode.LD: 'LD'>, arg=Arg(value=9, type=<ArgType.ADDRESS: 'ADDRESS'>))
  DEBUG   machine:simulation    TICK: 22, IP: 20, DR: 0, SP: 0, AR: 9, AC: 0, ALU: 0, Z: True, INSTR: Operation(opcode=<Opcode.LD: 'LD'>, arg=Arg(value=9, type=<ArgType.ADDRESS: 'ADDRESS'>))
  DEBUG   machine:simulation    TICK: 23, IP: 20, DR: 8, SP: 0, AR: 20, AC: 0, ALU: 0, Z: True, INSTR: Operation(opcode=<Opcode.EQ: 'EQ'>, arg=Arg(value=8, type=<ArgType.ADDRESS: 'ADDRESS'>))
  DEBUG   machine:simulation    TICK: 24, IP: 20, DR: 5, SP: 0, AR: 8, AC: 0, ALU: 0, Z: True, INSTR: Operation(opcode=<Opcode.EQ: 'EQ'>, arg=Arg(value=8, type=<ArgType.ADDRESS: 'ADDRESS'>))
  DEBUG   machine:simulation    TICK: 25, IP: 21, DR: 5, SP: 0, AR: 8, AC: 1, ALU: 1, Z: False, INSTR: Operation(opcode=<Opcode.EQ: 'EQ'>, arg=Arg(value=8, type=<ArgType.ADDRESS: 'ADDRESS'>))
  DEBUG   machine:simulation    TICK: 26, IP: 21, DR: 30, SP: 0, AR: 21, AC: 1, ALU: 1, Z: False, INSTR: Operation(opcode=<Opcode.JE: 'JE'>, arg=Arg(value=30, type=<ArgType.ADDRESS: 'ADDRESS'>))
  DEBUG   machine:simulation    TICK: 27, IP: 22, DR: 30, SP: 0, AR: 21, AC: 1, ALU: 1, Z: False, INSTR: Operation(opcode=<Opcode.JE: 'JE'>, arg=Arg(value=30, type=<ArgType.ADDRESS: 'ADDRESS'>))
  DEBUG   machine:simulation    TICK: 28, IP: 22, DR: 7, SP: 0, AR: 22, AC: 1, ALU: 1, Z: False, INSTR: Operation(opcode=<Opcode.ADD: 'ADD'>, arg=Arg(value=7, type=<ArgType.ADDRESS: 'ADDRESS'>))
  DEBUG   machine:simulation    TICK: 29, IP: 22, DR: 0, SP: 0, AR: 7, AC: 1, ALU: 1, Z: False, INSTR: Operation(opcode=<Opcode.ADD: 'ADD'>, arg=Arg(value=7, type=<ArgType.ADDRESS: 'ADDRESS'>))
  DEBUG   machine:simulation    TICK: 30, IP: 23, DR: 0, SP: 0, AR: 7, AC: 1, ALU: 1, Z: False, INSTR: Operation(opcode=<Opcode.ADD: 'ADD'>, arg=Arg(value=7, type=<ArgType.ADDRESS: 'ADDRESS'>))
  DEBUG   machine:simulation    TICK: 31, IP: 23, DR: 10, SP: 0, AR: 23, AC: 1, ALU: 1, Z: False, INSTR: Operation(opcode=<Opcode.ST: 'ST'>, arg=Arg(value=10, type=<ArgType.ADDRESS: 'ADDRESS'>))
  DEBUG   machine:simulation    TICK: 32, IP: 24, DR: 10, SP: 0, AR: 10, AC: 1, ALU: 1, Z: False, INSTR: Operation(opcode=<Opcode.ST: 'ST'>, arg=Arg(value=10, type=<ArgType.ADDRESS: 'ADDRESS'>))
  DEBUG   machine:simulation    TICK: 33, IP: 24, DR: 10, SP: 0, AR: 24, AC: 1, ALU: 1, Z: False, INSTR: Operation(opcode=<Opcode.LD: 'LD'>, arg=Arg(value=10, type=<ArgType.INDIRECT_ADDRESS: 'INDIRECT_ADDRESS'>))
  DEBUG   machine:simulation    TICK: 34, IP: 24, DR: 1, SP: 0, AR: 10, AC: 1, ALU: 1, Z: False, INSTR: Operation(opcode=<Opcode.LD: 'LD'>, arg=Arg(value=1, type=<ArgType.ADDRESS: 'ADDRESS'>))
  DEBUG   machine:simulation    TICK: 35, IP: 24, DR: 104, SP: 0, AR: 1, AC: 1, ALU: 1, Z: False, INSTR: Operation(opcode=<Opcode.LD: 'LD'>, arg=Arg(value=1, type=<ArgType.ADDRESS: 'ADDRESS'>))
  DEBUG   machine:simulation    TICK: 36, IP: 25, DR: 104, SP: 0, AR: 1, AC: 104, ALU: 1, Z: False, INSTR: Operation(opcode=<Opcode.LD: 'LD'>, arg=Arg(value=1, type=<ArgType.ADDRESS: 'ADDRESS'>))
  DEBUG   machine:simulation    TICK: 37, IP: 25, DR: 104, SP: 0, AR: 25, AC: 104, ALU: 1, Z: False, INSTR: Operation(opcode=<Opcode.OUT: 'OUT'>, arg=None)
  DEBUG   machine:simulation    TICK: 38, IP: 26, DR: 104, SP: 0, AR: 25, AC: 104, ALU: 1, Z: False, INSTR: Operation(opcode=<Opcode.OUT: 'OUT'>, arg=None)
  DEBUG   machine:simulation    TICK: 39, IP: 26, DR: 9, SP: 0, AR: 26, AC: 104, ALU: 1, Z: False, INSTR: Operation(opcode=<Opcode.LD: 'LD'>, arg=Arg(value=9, type=<ArgType.ADDRESS: 'ADDRESS'>))
  DEBUG   machine:simulation    TICK: 40, IP: 26, DR: 0, SP: 0, AR: 9, AC: 104, ALU: 1, Z: False, INSTR: Operation(opcode=<Opcode.LD: 'LD'>, arg=Arg(value=9, type=<ArgType.ADDRESS: 'ADDRESS'>))
  DEBUG   machine:simulation    TICK: 41, IP: 27, DR: 0, SP: 0, AR: 9, AC: 0, ALU: 1, Z: False, INSTR: Operation(opcode=<Opcode.LD: 'LD'>, arg=Arg(value=9, type=<ArgType.ADDRESS: 'ADDRESS'>))
  DEBUG   machine:simulation    TICK: 42, IP: 27, DR: 1, SP: 0, AR: 27, AC: 0, ALU: 1, Z: False, INSTR: Operation(opcode=<Opcode.ADD: 'ADD'>, arg=Arg(value=1, type=<ArgType.DIRECT: 'DIRECT'>))
  DEBUG   machine:simulation    TICK: 43, IP: 28, DR: 1, SP: 0, AR: 27, AC: 1, ALU: 1, Z: False, INSTR: Operation(opcode=<Opcode.ADD: 'ADD'>, arg=Arg(value=1, type=<ArgType.DIRECT: 'DIRECT'>))
  DEBUG   machine:simulation    TICK: 44, IP: 28, DR: 9, SP: 0, AR: 28, AC: 1, ALU: 1, Z: False, INSTR: Operation(opcode=<Opcode.ST: 'ST'>, arg=Arg(value=9, type=<ArgType.ADDRESS: 'ADDRESS'>))
  DEBUG   machine:simulation    TICK: 45, IP: 29, DR: 9, SP: 0, AR: 9, AC: 1, ALU: 1, Z: False, INSTR: Operation(opcode=<Opcode.ST: 'ST'>, arg=Arg(value=9, type=<ArgType.ADDRESS: 'ADDRESS'>))
  DEBUG   machine:simulation    TICK: 46, IP: 29, DR: 19, SP: 0, AR: 29, AC: 1, ALU: 1, Z: False, INSTR: Operation(opcode=<Opcode.JMP: 'JMP'>, arg=Arg(value=19, type=<ArgType.ADDRESS: 'ADDRESS'>))
  DEBUG   machine:simulation    TICK: 47, IP: 19, DR: 19, SP: 0, AR: 29, AC: 1, ALU: 1, Z: False, INSTR: Operation(opcode=<Opcode.JMP: 'JMP'>, arg=Arg(value=19, type=<ArgType.ADDRESS: 'ADDRESS'>))
  DEBUG   machine:simulation    TICK: 48, IP: 19, DR: 9, SP: 0, AR: 19, AC: 1, ALU: 1, Z: False, INSTR: Operation(opcode=<Opcode.LD: 'LD'>, arg=Arg(value=9, type=<ArgType.ADDRESS: 'ADDRESS'>))
  DEBUG   machine:simulation    TICK: 49, IP: 19, DR: 1, SP: 0, AR: 9, AC: 1, ALU: 1, Z: False, INSTR: Operation(opcode=<Opcode.LD: 'LD'>, arg=Arg(value=9, type=<ArgType.ADDRESS: 'ADDRESS'>))
  DEBUG   machine:simulation    TICK: 50, IP: 20, DR: 1, SP: 0, AR: 9, AC: 1, ALU: 1, Z: False, INSTR: Operation(opcode=<Opcode.LD: 'LD'>, arg=Arg(value=9, type=<ArgType.ADDRESS: 'ADDRESS'>))
  DEBUG   machine:simulation    TICK: 51, IP: 20, DR: 8, SP: 0, AR: 20, AC: 1, ALU: 1, Z: False, INSTR: Operation(opcode=<Opcode.EQ: 'EQ'>, arg=Arg(value=8, type=<ArgType.ADDRESS: 'ADDRESS'>))
  DEBUG   machine:simulation    TICK: 52, IP: 20, DR: 5, SP: 0, AR: 8, AC: 1, ALU: 1, Z: False, INSTR: Operation(opcode=<Opcode.EQ: 'EQ'>, arg=Arg(value=8, type=<ArgType.ADDRESS: 'ADDRESS'>))
  DEBUG   machine:simulation    TICK: 53, IP: 21, DR: 5, SP: 0, AR: 8, AC: 1, ALU: 1, Z: False, INSTR: Operation(opcode=<Opcode.EQ: 'EQ'>, arg=Arg(value=8, type=<ArgType.ADDRESS: 'ADDRESS'>))
  DEBUG   machine:simulation    TICK: 54, IP: 21, DR: 30, SP: 0, AR: 21, AC: 1, ALU: 1, Z: False, INSTR: Operation(opcode=<Opcode.JE: 'JE'>, arg=Arg(value=30, type=<ArgType.ADDRESS: 'ADDRESS'>))
  DEBUG   machine:simulation    TICK: 55, IP: 22, DR: 30, SP: 0, AR: 21, AC: 1, ALU: 1, Z: False, INSTR: Operation(opcode=<Opcode.JE: 'JE'>, arg=Arg(value=30, type=<ArgType.ADDRESS: 'ADDRESS'>))
  DEBUG   machine:simulation    TICK: 56, IP: 22, DR: 7, SP: 0, AR: 22, AC: 1, ALU: 1, Z: False, INSTR: Operation(opcode=<Opcode.ADD: 'ADD'>, arg=Arg(value=7, type=<ArgType.ADDRESS: 'ADDRESS'>))
  DEBUG   machine:simulation    TICK: 57, IP: 22, DR: 0, SP: 0, AR: 7, AC: 1, ALU: 1, Z: False, INSTR: Operation(opcode=<Opcode.ADD: 'ADD'>, arg=Arg(value=7, type=<ArgType.ADDRESS: 'ADDRESS'>))
  DEBUG   machine:simulation    TICK: 58, IP: 23, DR: 0, SP: 0, AR: 7, AC: 1, ALU: 1, Z: False, INSTR: Operation(opcode=<Opcode.ADD: 'ADD'>, arg=Arg(value=7, type=<ArgType.ADDRESS: 'ADDRESS'>))
  DEBUG   machine:simulation    TICK: 59, IP: 23, DR: 10, SP: 0, AR: 23, AC: 1, ALU: 1, Z: False, INSTR: Operation(opcode=<Opcode.ST: 'ST'>, arg=Arg(value=10, type=<ArgType.ADDRESS: 'ADDRESS'>))
  DEBUG   machine:simulation    TICK: 60, IP: 24, DR: 10, SP: 0, AR: 10, AC: 1, ALU: 1, Z: False, INSTR: Operation(opcode=<Opcode.ST: 'ST'>, arg=Arg(value=10, type=<ArgType.ADDRESS: 'ADDRESS'>))
  DEBUG   machine:simulation    TICK: 61, IP: 24, DR: 1, SP: 0, AR: 24, AC: 1, ALU: 1, Z: False, INSTR: Operation(opcode=<Opcode.LD: 'LD'>, arg=Arg(value=1, type=<ArgType.ADDRESS: 'ADDRESS'>))
  DEBUG   machine:simulation    TICK: 62, IP: 24, DR: 104, SP: 0, AR: 1, AC: 1, ALU: 1, Z: False, INSTR: Operation(opcode=<Opcode.LD: 'LD'>, arg=Arg(value=1, type=<ArgType.ADDRESS: 'ADDRESS'>))
  DEBUG   machine:simulation    TICK: 63, IP: 25, DR: 104, SP: 0, AR: 1, AC: 104, ALU: 1, Z: False, INSTR: Operation(opcode=<Opcode.LD: 'LD'>, arg=Arg(value=1, type=<ArgType.ADDRESS: 'ADDRESS'>))
  DEBUG   machine:simulation    TICK: 64, IP: 25, DR: 104, SP: 0, AR: 25, AC: 104, ALU: 1, Z: False, INSTR: Operation(opcode=<Opcode.OUT: 'OUT'>, arg=None)
  DEBUG   machine:simulation    TICK: 65, IP: 26, DR: 104, SP: 0, AR: 25, AC: 104, ALU: 1, Z: False, INSTR: Operation(opcode=<Opcode.OUT: 'OUT'>, arg=None)
  DEBUG   machine:simulation    TICK: 66, IP: 26, DR: 9, SP: 0, AR: 26, AC: 104, ALU: 1, Z: False, INSTR: Operation(opcode=<Opcode.LD: 'LD'>, arg=Arg(value=9, type=<ArgType.ADDRESS: 'ADDRESS'>))
  DEBUG   machine:simulation    TICK: 67, IP: 26, DR: 1, SP: 0, AR: 9, AC: 104, ALU: 1, Z: False, INSTR: Operation(opcode=<Opcode.LD: 'LD'>, arg=Arg(value=9, type=<ArgType.ADDRESS: 'ADDRESS'>))
  DEBUG   machine:simulation    TICK: 68, IP: 27, DR: 1, SP: 0, AR: 9, AC: 1, ALU: 1, Z: False, INSTR: Operation(opcode=<Opcode.LD: 'LD'>, arg=Arg(value=9, type=<ArgType.ADDRESS: 'ADDRESS'>))
  DEBUG   machine:simulation    TICK: 69, IP: 27, DR: 1, SP: 0, AR: 27, AC: 1, ALU: 1, Z: False, INSTR: Operation(opcode=<Opcode.ADD: 'ADD'>, arg=Arg(value=1, type=<ArgType.DIRECT: 'DIRECT'>))
  DEBUG   machine:simulation    TICK: 70, IP: 28, DR: 1, SP: 0, AR: 27, AC: 2, ALU: 2, Z: False, INSTR: Operation(opcode=<Opcode.ADD: 'ADD'>, arg=Arg(value=1, type=<ArgType.DIRECT: 'DIRECT'>))
  DEBUG   machine:simulation    TICK: 71, IP: 28, DR: 9, SP: 0, AR: 28, AC: 2, ALU: 2, Z: False, INSTR: Operation(opcode=<Opcode.ST: 'ST'>, arg=Arg(value=9, type=<ArgType.ADDRESS: 'ADDRESS'>))
  DEBUG   machine:simulation    TICK: 72, IP: 29, DR: 9, SP: 0, AR: 9, AC: 2, ALU: 2, Z: False, INSTR: Operation(opcode=<Opcode.ST: 'ST'>, arg=Arg(value=9, type=<ArgType.ADDRESS: 'ADDRESS'>))
  DEBUG   machine:simulation    TICK: 73, IP: 29, DR: 19, SP: 0, AR: 29, AC: 2, ALU: 2, Z: False, INSTR: Operation(opcode=<Opcode.JMP: 'JMP'>, arg=Arg(value=19, type=<ArgType.ADDRESS: 'ADDRESS'>))
  DEBUG   machine:simulation    TICK: 74, IP: 19, DR: 19, SP: 0, AR: 29, AC: 2, ALU: 2, Z: False, INSTR: Operation(opcode=<Opcode.JMP: 'JMP'>, arg=Arg(value=19, type=<ArgType.ADDRESS: 'ADDRESS'>))
  DEBUG   machine:simulation    TICK: 75, IP: 19, DR: 9, SP: 0, AR: 19, AC: 2, ALU: 2, Z: False, INSTR: Operation(opcode=<Opcode.LD: 'LD'>, arg=Arg(value=9, type=<ArgType.ADDRESS: 'ADDRESS'>))
  DEBUG   machine:simulation    TICK: 76, IP: 19, DR: 2, SP: 0, AR: 9, AC: 2, ALU: 2, Z: False, INSTR: Operation(opcode=<Opcode.LD: 'LD'>, arg=Arg(value=9, type=<ArgType.ADDRESS: 'ADDRESS'>))
  DEBUG   machine:simulation    TICK: 77, IP: 20, DR: 2, SP: 0, AR: 9, AC: 2, ALU: 2, Z: False, INSTR: Operation(opcode=<Opcode.LD: 'LD'>, arg=Arg(value=9, type=<ArgType.ADDRESS: 'ADDRESS'>))
  DEBUG   machine:simulation    TICK: 78, IP: 20, DR: 8, SP: 0, AR: 20, AC: 2, ALU: 2, Z: False, INSTR: Operation(opcode=<Opcode.EQ: 'EQ'>, arg=Arg(value=8, type=<ArgType.ADDRESS: 'ADDRESS'>))
  DEBUG   machine:simulation    TICK: 79, IP: 20, DR: 5, SP: 0, AR: 8, AC: 2, ALU: 2, Z: False, INSTR: Operation(opcode=<Opcode.EQ: 'EQ'>, arg=Arg(value=8, type=<ArgType.ADDRESS: 'ADDRESS'>))
  DEBUG   machine:simulation    TICK: 80, IP: 21, DR: 5, SP: 0, AR: 8, AC: 1, ALU: 1, Z: False, INSTR: Operation(opcode=<Opcode.EQ: 'EQ'>, arg=Arg(value=8, type=<ArgType.ADDRESS: 'ADDRESS'>))
  DEBUG   machine:simulation    TICK: 81, IP: 21, DR: 30, SP: 0, AR: 21, AC: 1, ALU: 1, Z: False, INSTR: Operation(opcode=<Opcode.JE: 'JE'>, arg=Arg(value=30, type=<ArgType.ADDRESS: 'ADDRESS'>))
  DEBUG   machine:simulation    TICK: 82, IP: 22, DR: 30, SP: 0, AR: 21, AC: 1, ALU: 1, Z: False, INSTR: Operation(opcode=<Opcode.JE: 'JE'>, arg=Arg(value=30, type=<ArgType.ADDRESS: 'ADDRESS'>))
  DEBUG   machine:simulation    TICK: 83, IP: 22, DR: 7, SP: 0, AR: 22, AC: 1, ALU: 1, Z: False, INSTR: Operation(opcode=<Opcode.ADD: 'ADD'>, arg=Arg(value=7, type=<ArgType.ADDRESS: 'ADDRESS'>))
  DEBUG   machine:simulation    TICK: 84, IP: 22, DR: 0, SP: 0, AR: 7, AC: 1, ALU: 1, Z: False, INSTR: Operation(opcode=<Opcode.ADD: 'ADD'>, arg=Arg(value=7, type=<ArgType.ADDRESS: 'ADDRESS'>))
  DEBUG   machine:simulation    TICK: 85, IP: 23, DR: 0, SP: 0, AR: 7, AC: 1, ALU: 1, Z: False, INSTR: Operation(opcode=<Opcode.ADD: 'ADD'>, arg=Arg(value=7, type=<ArgType.ADDRESS: 'ADDRESS'>))
  DEBUG   machine:simulation    TICK: 86, IP: 23, DR: 10, SP: 0, AR: 23, AC: 1, ALU: 1, Z: False, INSTR: Operation(opcode=<Opcode.ST: 'ST'>, arg=Arg(value=10, type=<ArgType.ADDRESS: 'ADDRESS'>))
  DEBUG   machine:simulation    TICK: 87, IP: 24, DR: 10, SP: 0, AR: 10, AC: 1, ALU: 1, Z: False, INSTR: Operation(opcode=<Opcode.ST: 'ST'>, arg=Arg(value=10, type=<ArgType.ADDRESS: 'ADDRESS'>))
  DEBUG   machine:simulation    TICK: 88, IP: 24, DR: 1, SP: 0, AR: 24, AC: 1, ALU: 1, Z: False, INSTR: Operation(opcode=<Opcode.LD: 'LD'>, arg=Arg(value=1, type=<ArgType.ADDRESS: 'ADDRESS'>))
  DEBUG   machine:simulation    TICK: 89, IP: 24, DR: 104, SP: 0, AR: 1, AC: 1, ALU: 1, Z: False, INSTR: Operation(opcode=<Opcode.LD: 'LD'>, arg=Arg(value=1, type=<ArgType.ADDRESS: 'ADDRESS'>))
  DEBUG   machine:simulation    TICK: 90, IP: 25, DR: 104, SP: 0, AR: 1, AC: 104, ALU: 1, Z: False, INSTR: Operation(opcode=<Opcode.LD: 'LD'>, arg=Arg(value=1, type=<ArgType.ADDRESS: 'ADDRESS'>))
  DEBUG   machine:simulation    TICK: 91, IP: 25, DR: 104, SP: 0, AR: 25, AC: 104, ALU: 1, Z: False, INSTR: Operation(opcode=<Opcode.OUT: 'OUT'>, arg=None)
  DEBUG   machine:simulation    TICK: 92, IP: 26, DR: 104, SP: 0, AR: 25, AC: 104, ALU: 1, Z: False, INSTR: Operation(opcode=<Opcode.OUT: 'OUT'>, arg=None)
  DEBUG   machine:simulation    TICK: 93, IP: 26, DR: 9, SP: 0, AR: 26, AC: 104, ALU: 1, Z: False, INSTR: Operation(opcode=<Opcode.LD: 'LD'>, arg=Arg(value=9, type=<ArgType.ADDRESS: 'ADDRESS'>))
  DEBUG   machine:simulation    TICK: 94, IP: 26, DR: 2, SP: 0, AR: 9, AC: 104, ALU: 1, Z: False, INSTR: Operation(opcode=<Opcode.LD: 'LD'>, arg=Arg(value=9, type=<ArgType.ADDRESS: 'ADDRESS'>))
  DEBUG   machine:simulation    TICK: 95, IP: 27, DR: 2, SP: 0, AR: 9, AC: 2, ALU: 1, Z: False, INSTR: Operation(opcode=<Opcode.LD: 'LD'>, arg=Arg(value=9, type=<ArgType.ADDRESS: 'ADDRESS'>))
  DEBUG   machine:simulation    TICK: 96, IP: 27, DR: 1, SP: 0, AR: 27, AC: 2, ALU: 1, Z: False, INSTR: Operation(opcode=<Opcode.ADD: 'ADD'>, arg=Arg(value=1, type=<ArgType.DIRECT: 'DIRECT'>))
  DEBUG   machine:simulation    TICK: 97, IP: 28, DR: 1, SP: 0, AR: 27, AC: 3, ALU: 3, Z: False, INSTR: Operation(opcode=<Opcode.ADD: 'ADD'>, arg=Arg(value=1, type=<ArgType.DIRECT: 'DIRECT'>))
  DEBUG   machine:simulation    TICK: 98, IP: 28, DR: 9, SP: 0, AR: 28, AC: 3, ALU: 3, Z: False, INSTR: Operation(opcode=<Opcode.ST: 'ST'>, arg=Arg(value=9, type=<ArgType.ADDRESS: 'ADDRESS'>))
  DEBUG   machine:simulation    TICK: 99, IP: 29, DR: 9, SP: 0, AR: 9, AC: 3, ALU: 3, Z: False, INSTR: Operation(opcode=<Opcode.ST: 'ST'>, arg=Arg(value=9, type=<ArgType.ADDRESS: 'ADDRESS'>))
  DEBUG   machine:simulation    TICK: 100, IP: 29, DR: 19, SP: 0, AR: 29, AC: 3, ALU: 3, Z: False, INSTR: Operation(opcode=<Opcode.JMP: 'JMP'>, arg=Arg(value=19, type=<ArgType.ADDRESS: 'ADDRESS'>))
  DEBUG   machine:simulation    TICK: 101, IP: 19, DR: 19, SP: 0, AR: 29, AC: 3, ALU: 3, Z: False, INSTR: Operation(opcode=<Opcode.JMP: 'JMP'>, arg=Arg(value=19, type=<ArgType.ADDRESS: 'ADDRESS'>))
  DEBUG   machine:simulation    TICK: 102, IP: 19, DR: 9, SP: 0, AR: 19, AC: 3, ALU: 3, Z: False, INSTR: Operation(opcode=<Opcode.LD: 'LD'>, arg=Arg(value=9, type=<ArgType.ADDRESS: 'ADDRESS'>))
  DEBUG   machine:simulation    TICK: 103, IP: 19, DR: 3, SP: 0, AR: 9, AC: 3, ALU: 3, Z: False, INSTR: Operation(opcode=<Opcode.LD: 'LD'>, arg=Arg(value=9, type=<ArgType.ADDRESS: 'ADDRESS'>))
  DEBUG   machine:simulation    TICK: 104, IP: 20, DR: 3, SP: 0, AR: 9, AC: 3, ALU: 3, Z: False, INSTR: Operation(opcode=<Opcode.LD: 'LD'>, arg=Arg(value=9, type=<ArgType.ADDRESS: 'ADDRESS'>))
  DEBUG   machine:simulation    TICK: 105, IP: 20, DR: 8, SP: 0, AR: 20, AC: 3, ALU: 3, Z: False, INSTR: Operation(opcode=<Opcode.EQ: 'EQ'>, arg=Arg(value=8, type=<ArgType.ADDRESS: 'ADDRESS'>))
  DEBUG   machine:simulation    TICK: 106, IP: 20, DR: 5, SP: 0, AR: 8, AC: 3, ALU: 3, Z: False, INSTR: Operation(opcode=<Opcode.EQ: 'EQ'>, arg=Arg(value=8, type=<ArgType.ADDRESS: 'ADDRESS'>))
  DEBUG   machine:simulation    TICK: 107, IP: 21, DR: 5, SP: 0, AR: 8, AC: 1, ALU: 1, Z: False, INSTR: Operation(opcode=<Opcode.EQ: 'EQ'>, arg=Arg(value=8, type=<ArgType.ADDRESS: 'ADDRESS'>))
  DEBUG   machine:simulation    TICK: 108, IP: 21, DR: 30, SP: 0, AR: 21, AC: 1, ALU: 1, Z: False, INSTR: Operation(opcode=<Opcode.JE: 'JE'>, arg=Arg(value=30, type=<ArgType.ADDRESS: 'ADDRESS'>))
  DEBUG   machine:simulation    TICK: 109, IP: 22, DR: 30, SP: 0, AR: 21, AC: 1, ALU: 1, Z: False, INSTR: Operation(opcode=<Opcode.JE: 'JE'>, arg=Arg(value=30, type=<ArgType.ADDRESS: 'ADDRESS'>))
  DEBUG   machine:simulation    TICK: 110, IP: 22, DR: 7, SP: 0, AR: 22, AC: 1, ALU: 1, Z: False, INSTR: Operation(opcode=<Opcode.ADD: 'ADD'>, arg=Arg(value=7, type=<ArgType.ADDRESS: 'ADDRESS'>))
  DEBUG   machine:simulation    TICK: 111, IP: 22, DR: 0, SP: 0, AR: 7, AC: 1, ALU: 1, Z: False, INSTR: Operation(opcode=<Opcode.ADD: 'ADD'>, arg=Arg(value=7, type=<ArgType.ADDRESS: 'ADDRESS'>))
  DEBUG   machine:simulation    TICK: 112, IP: 23, DR: 0, SP: 0, AR: 7, AC: 1, ALU: 1, Z: False, INSTR: Operation(opcode=<Opcode.ADD: 'ADD'>, arg=Arg(value=7, type=<ArgType.ADDRESS: 'ADDRESS'>))
  DEBUG   machine:simulation    TICK: 113, IP: 23, DR: 10, SP: 0, AR: 23, AC: 1, ALU: 1, Z: False, INSTR: Operation(opcode=<Opcode.ST: 'ST'>, arg=Arg(value=10, type=<ArgType.ADDRESS: 'ADDRESS'>))
  DEBUG   machine:simulation    TICK: 114, IP: 24, DR: 10, SP: 0, AR: 10, AC: 1, ALU: 1, Z: False, INSTR: Operation(opcode=<Opcode.ST: 'ST'>, arg=Arg(value=10, type=<ArgType.ADDRESS: 'ADDRESS'>))
  DEBUG   machine:simulation    TICK: 115, IP: 24, DR: 1, SP: 0, AR: 24, AC: 1, ALU: 1, Z: False, INSTR: Operation(opcode=<Opcode.LD: 'LD'>, arg=Arg(value=1, type=<ArgType.ADDRESS: 'ADDRESS'>))
  DEBUG   machine:simulation    TICK: 116, IP: 24, DR: 104, SP: 0, AR: 1, AC: 1, ALU: 1, Z: False, INSTR: Operation(opcode=<Opcode.LD: 'LD'>, arg=Arg(value=1, type=<ArgType.ADDRESS: 'ADDRESS'>))
  DEBUG   machine:simulation    TICK: 117, IP: 25, DR: 104, SP: 0, AR: 1, AC: 104, ALU: 1, Z: False, INSTR: Operation(opcode=<Opcode.LD: 'LD'>, arg=Arg(value=1, type=<ArgType.ADDRESS: 'ADDRESS'>))
  DEBUG   machine:simulation    TICK: 118, IP: 25, DR: 104, SP: 0, AR: 25, AC: 104, ALU: 1, Z: False, INSTR: Operation(opcode=<Opcode.OUT: 'OUT'>, arg=None)
  DEBUG   machine:simulation    TICK: 119, IP: 26, DR: 104, SP: 0, AR: 25, AC: 104, ALU: 1, Z: False, INSTR: Operation(opcode=<Opcode.OUT: 'OUT'>, arg=None)
  DEBUG   machine:simulation    TICK: 120, IP: 26, DR: 9, SP: 0, AR: 26, AC: 104, ALU: 1, Z: False, INSTR: Operation(opcode=<Opcode.LD: 'LD'>, arg=Arg(value=9, type=<ArgType.ADDRESS: 'ADDRESS'>))
  DEBUG   machine:simulation    TICK: 121, IP: 26, DR: 3, SP: 0, AR: 9, AC: 104, ALU: 1, Z: False, INSTR: Operation(opcode=<Opcode.LD: 'LD'>, arg=Arg(value=9, type=<ArgType.ADDRESS: 'ADDRESS'>))
  DEBUG   machine:simulation    TICK: 122, IP: 27, DR: 3, SP: 0, AR: 9, AC: 3, ALU: 1, Z: False, INSTR: Operation(opcode=<Opcode.LD: 'LD'>, arg=Arg(value=9, type=<ArgType.ADDRESS: 'ADDRESS'>))
  DEBUG   machine:simulation    TICK: 123, IP: 27, DR: 1, SP: 0, AR: 27, AC: 3, ALU: 1, Z: False, INSTR: Operation(opcode=<Opcode.ADD: 'ADD'>, arg=Arg(value=1, type=<ArgType.DIRECT: 'DIRECT'>))
  DEBUG   machine:simulation    TICK: 124, IP: 28, DR: 1, SP: 0, AR: 27, AC: 4, ALU: 4, Z: False, INSTR: Operation(opcode=<Opcode.ADD: 'ADD'>, arg=Arg(value=1, type=<ArgType.DIRECT: 'DIRECT'>))
  DEBUG   machine:simulation    TICK: 125, IP: 28, DR: 9, SP: 0, AR: 28, AC: 4, ALU: 4, Z: False, INSTR: Operation(opcode=<Opcode.ST: 'ST'>, arg=Arg(value=9, type=<ArgType.ADDRESS: 'ADDRESS'>))
  DEBUG   machine:simulation    TICK: 126, IP: 29, DR: 9, SP: 0, AR: 9, AC: 4, ALU: 4, Z: False, INSTR: Operation(opcode=<Opcode.ST: 'ST'>, arg=Arg(value=9, type=<ArgType.ADDRESS: 'ADDRESS'>))
  DEBUG   machine:simulation    TICK: 127, IP: 29, DR: 19, SP: 0, AR: 29, AC: 4, ALU: 4, Z: False, INSTR: Operation(opcode=<Opcode.JMP: 'JMP'>, arg=Arg(value=19, type=<ArgType.ADDRESS: 'ADDRESS'>))
  DEBUG   machine:simulation    TICK: 128, IP: 19, DR: 19, SP: 0, AR: 29, AC: 4, ALU: 4, Z: False, INSTR: Operation(opcode=<Opcode.JMP: 'JMP'>, arg=Arg(value=19, type=<ArgType.ADDRESS: 'ADDRESS'>))
  DEBUG   machine:simulation    TICK: 129, IP: 19, DR: 9, SP: 0, AR: 19, AC: 4, ALU: 4, Z: False, INSTR: Operation(opcode=<Opcode.LD: 'LD'>, arg=Arg(value=9, type=<ArgType.ADDRESS: 'ADDRESS'>))
  DEBUG   machine:simulation    TICK: 130, IP: 19, DR: 4, SP: 0, AR: 9, AC: 4, ALU: 4, Z: False, INSTR: Operation(opcode=<Opcode.LD: 'LD'>, arg=Arg(value=9, type=<ArgType.ADDRESS: 'ADDRESS'>))
  DEBUG   machine:simulation    TICK: 131, IP: 20, DR: 4, SP: 0, AR: 9, AC: 4, ALU: 4, Z: False, INSTR: Operation(opcode=<Opcode.LD: 'LD'>, arg=Arg(value=9, type=<ArgType.ADDRESS: 'ADDRESS'>))
  DEBUG   machine:simulation    TICK: 132, IP: 20, DR: 8, SP: 0, AR: 20, AC: 4, ALU: 4, Z: False, INSTR: Operation(opcode=<Opcode.EQ: 'EQ'>, arg=Arg(value=8, type=<ArgType.ADDRESS: 'ADDRESS'>))
  DEBUG   machine:simulation    TICK: 133, IP: 20, DR: 5, SP: 0, AR: 8, AC: 4, ALU: 4, Z: False, INSTR: Operation(opcode=<Opcode.EQ: 'EQ'>, arg=Arg(value=8, type=<ArgType.ADDRESS: 'ADDRESS'>))
  DEBUG   machine:simulation    TICK: 134, IP: 21, DR: 5, SP: 0, AR: 8, AC: 1, ALU: 1, Z: False, INSTR: Operation(opcode=<Opcode.EQ: 'EQ'>, arg=Arg(value=8, type=<ArgType.ADDRESS: 'ADDRESS'>))
  DEBUG   machine:simulation    TICK: 135, IP: 21, DR: 30, SP: 0, AR: 21, AC: 1, ALU: 1, Z: False, INSTR: Operation(opcode=<Opcode.JE: 'JE'>, arg=Arg(value=30, type=<ArgType.ADDRESS: 'ADDRESS'>))
  DEBUG   machine:simulation    TICK: 136, IP: 22, DR: 30, SP: 0, AR: 21, AC: 1, ALU: 1, Z: False, INSTR: Operation(opcode=<Opcode.JE: 'JE'>, arg=Arg(value=30, type=<ArgType.ADDRESS: 'ADDRESS'>))
  DEBUG   machine:simulation    TICK: 137, IP: 22, DR: 7, SP: 0, AR: 22, AC: 1, ALU: 1, Z: False, INSTR: Operation(opcode=<Opcode.ADD: 'ADD'>, arg=Arg(value=7, type=<ArgType.ADDRESS: 'ADDRESS'>))
  DEBUG   machine:simulation    TICK: 138, IP: 22, DR: 0, SP: 0, AR: 7, AC: 1, ALU: 1, Z: False, INSTR: Operation(opcode=<Opcode.ADD: 'ADD'>, arg=Arg(value=7, type=<ArgType.ADDRESS: 'ADDRESS'>))
  DEBUG   machine:simulation    TICK: 139, IP: 23, DR: 0, SP: 0, AR: 7, AC: 1, ALU: 1, Z: False, INSTR: Operation(opcode=<Opcode.ADD: 'ADD'>, arg=Arg(value=7, type=<ArgType.ADDRESS: 'ADDRESS'>))
  DEBUG   machine:simulation    TICK: 140, IP: 23, DR: 10, SP: 0, AR: 23, AC: 1, ALU: 1, Z: False, INSTR: Operation(opcode=<Opcode.ST: 'ST'>, arg=Arg(value=10, type=<ArgType.ADDRESS: 'ADDRESS'>))
  DEBUG   machine:simulation    TICK: 141, IP: 24, DR: 10, SP: 0, AR: 10, AC: 1, ALU: 1, Z: False, INSTR: Operation(opcode=<Opcode.ST: 'ST'>, arg=Arg(value=10, type=<ArgType.ADDRESS: 'ADDRESS'>))
  DEBUG   machine:simulation    TICK: 142, IP: 24, DR: 1, SP: 0, AR: 24, AC: 1, ALU: 1, Z: False, INSTR: Operation(opcode=<Opcode.LD: 'LD'>, arg=Arg(value=1, type=<ArgType.ADDRESS: 'ADDRESS'>))
  DEBUG   machine:simulation    TICK: 143, IP: 24, DR: 104, SP: 0, AR: 1, AC: 1, ALU: 1, Z: False, INSTR: Operation(opcode=<Opcode.LD: 'LD'>, arg=Arg(value=1, type=<ArgType.ADDRESS: 'ADDRESS'>))
  DEBUG   machine:simulation    TICK: 144, IP: 25, DR: 104, SP: 0, AR: 1, AC: 104, ALU: 1, Z: False, INSTR: Operation(opcode=<Opcode.LD: 'LD'>, arg=Arg(value=1, type=<ArgType.ADDRESS: 'ADDRESS'>))
  DEBUG   machine:simulation    TICK: 145, IP: 25, DR: 104, SP: 0, AR: 25, AC: 104, ALU: 1, Z: False, INSTR: Operation(opcode=<Opcode.OUT: 'OUT'>, arg=None)
  DEBUG   machine:simulation    TICK: 146, IP: 26, DR: 104, SP: 0, AR: 25, AC: 104, ALU: 1, Z: False, INSTR: Operation(opcode=<Opcode.OUT: 'OUT'>, arg=None)
  DEBUG   machine:simulation    TICK: 147, IP: 26, DR: 9, SP: 0, AR: 26, AC: 104, ALU: 1, Z: False, INSTR: Operation(opcode=<Opcode.LD: 'LD'>, arg=Arg(value=9, type=<ArgType.ADDRESS: 'ADDRESS'>))
  DEBUG   machine:simulation    TICK: 148, IP: 26, DR: 4, SP: 0, AR: 9, AC: 104, ALU: 1, Z: False, INSTR: Operation(opcode=<Opcode.LD: 'LD'>, arg=Arg(value=9, type=<ArgType.ADDRESS: 'ADDRESS'>))
  DEBUG   machine:simulation    TICK: 149, IP: 27, DR: 4, SP: 0, AR: 9, AC: 4, ALU: 1, Z: False, INSTR: Operation(opcode=<Opcode.LD: 'LD'>, arg=Arg(value=9, type=<ArgType.ADDRESS: 'ADDRESS'>))
  DEBUG   machine:simulation    TICK: 150, IP: 27, DR: 1, SP: 0, AR: 27, AC: 4, ALU: 1, Z: False, INSTR: Operation(opcode=<Opcode.ADD: 'ADD'>, arg=Arg(value=1, type=<ArgType.DIRECT: 'DIRECT'>))
  DEBUG   machine:simulation    TICK: 151, IP: 28, DR: 1, SP: 0, AR: 27, AC: 5, ALU: 5, Z: False, INSTR: Operation(opcode=<Opcode.ADD: 'ADD'>, arg=Arg(value=1, type=<ArgType.DIRECT: 'DIRECT'>))
  DEBUG   machine:simulation    TICK: 152, IP: 28, DR: 9, SP: 0, AR: 28, AC: 5, ALU: 5, Z: False, INSTR: Operation(opcode=<Opcode.ST: 'ST'>, arg=Arg(value=9, type=<ArgType.ADDRESS: 'ADDRESS'>))
  DEBUG   machine:simulation    TICK: 153, IP: 29, DR: 9, SP: 0, AR: 9, AC: 5, ALU: 5, Z: False, INSTR: Operation(opcode=<Opcode.ST: 'ST'>, arg=Arg(value=9, type=<ArgType.ADDRESS: 'ADDRESS'>))
  DEBUG   machine:simulation    TICK: 154, IP: 29, DR: 19, SP: 0, AR: 29, AC: 5, ALU: 5, Z: False, INSTR: Operation(opcode=<Opcode.JMP: 'JMP'>, arg=Arg(value=19, type=<ArgType.ADDRESS: 'ADDRESS'>))
  DEBUG   machine:simulation    TICK: 155, IP: 19, DR: 19, SP: 0, AR: 29, AC: 5, ALU: 5, Z: False, INSTR: Operation(opcode=<Opcode.JMP: 'JMP'>, arg=Arg(value=19, type=<ArgType.ADDRESS: 'ADDRESS'>))
  DEBUG   machine:simulation    TICK: 156, IP: 19, DR: 9, SP: 0, AR: 19, AC: 5, ALU: 5, Z: False, INSTR: Operation(opcode=<Opcode.LD: 'LD'>, arg=Arg(value=9, type=<ArgType.ADDRESS: 'ADDRESS'>))
  DEBUG   machine:simulation    TICK: 157, IP: 19, DR: 5, SP: 0, AR: 9, AC: 5, ALU: 5, Z: False, INSTR: Operation(opcode=<Opcode.LD: 'LD'>, arg=Arg(value=9, type=<ArgType.ADDRESS: 'ADDRESS'>))
  DEBUG   machine:simulation    TICK: 158, IP: 20, DR: 5, SP: 0, AR: 9, AC: 5, ALU: 5, Z: False, INSTR: Operation(opcode=<Opcode.LD: 'LD'>, arg=Arg(value=9, type=<ArgType.ADDRESS: 'ADDRESS'>))
  DEBUG   machine:simulation    TICK: 159, IP: 20, DR: 8, SP: 0, AR: 20, AC: 5, ALU: 5, Z: False, INSTR: Operation(opcode=<Opcode.EQ: 'EQ'>, arg=Arg(value=8, type=<ArgType.ADDRESS: 'ADDRESS'>))
  DEBUG   machine:simulation    TICK: 160, IP: 20, DR: 5, SP: 0, AR: 8, AC: 5, ALU: 5, Z: False, INSTR: Operation(opcode=<Opcode.EQ: 'EQ'>, arg=Arg(value=8, type=<ArgType.ADDRESS: 'ADDRESS'>))
  DEBUG   machine:simulation    TICK: 161, IP: 21, DR: 5, SP: 0, AR: 8, AC: 0, ALU: 0, Z: True, INSTR: Operation(opcode=<Opcode.EQ: 'EQ'>, arg=Arg(value=8, type=<ArgType.ADDRESS: 'ADDRESS'>))
  DEBUG   machine:simulation    TICK: 162, IP: 21, DR: 30, SP: 0, AR: 21, AC: 0, ALU: 0, Z: True, INSTR: Operation(opcode=<Opcode.JE: 'JE'>, arg=Arg(value=30, type=<ArgType.ADDRESS: 'ADDRESS'>))
  DEBUG   machine:simulation    TICK: 163, IP: 30, DR: 30, SP: 0, AR: 21, AC: 0, ALU: 0, Z: True, INSTR: Operation(opcode=<Opcode.JE: 'JE'>, arg=Arg(value=30, type=<ArgType.ADDRESS: 'ADDRESS'>))
  DEBUG   machine:simulation    TICK: 164, IP: 30, DR: 30, SP: 0, AR: 30, AC: 0, ALU: 0, Z: True, INSTR: Operation(opcode=<Opcode.HLT: 'HLT'>, arg=None)
  DEBUG   machine:simulation    TICK: 165, IP: 31, DR: 30, SP: 0, AR: 30, AC: 0, ALU: 0, Z: True, INSTR: Operation(opcode=<Opcode.HLT: 'HLT'>, arg=None)
